// Jest Snapshot v1, https://goo.gl/fbAQLP

exports[`pruebas en el EntryList component debe de llamar el getEntriesByTerm sin t√©rmino y mostrar dos entradas  1`] = `
<div class="entry-list-container">
  <div class="px-2 pt-2"><input type="text" class="form-control" placeholder="Buscar entrada"></div>
  <div class="mt-2 d-flex"><button class="btn btn-primary mx-3"><i class="fa fa-plus-circle"></i> Nueva entrada </button></div>
  <div class="entry-scrollarea">
    <entry-stub entry="[object Object]"></entry-stub>
    <entry-stub entry="[object Object]"></entry-stub>
  </div>
</div>
`;
