// Jest Snapshot v1, https://goo.gl/fbAQLP

exports[`Pruebas en el fab component debe de renderizar el componente correctamente 1`] = `<button class="btn btn-primary"><i class="fa fa-2x fa-plus"></i><!-- se pueden colocar dos class, pero uno con : y otro sin--></button>`;
